2026-01-04 23:24:23,573 - aqt.main - INFO - installer 25176 aqtinstall(aqt) v3.3.0 on Python 3.13.9 [CPython MSC v.1944 64 bit (AMD64)]
2026-01-04 23:24:23,574 - aqt.helper - DEBUG - helper 25176 Attempt to download checksum at https://download.qt.io/online/qtsdkrepository/windows_x86/desktop/qt6_690/qt6_690/Updates.xml.sha256
2026-01-04 23:24:29,546 - aqt.helper - DEBUG - helper 25176 Attempt to download checksum at https://download.qt.io/online/qtsdkrepository/windows_x86/extensions/qtwebengine/690/windows_msvc2022_64/Updates.xml.sha256
2026-01-04 23:24:32,239 - aqt.helper - DEBUG - helper 25176 Attempt to download checksum at https://download.qt.io/online/qtsdkrepository/windows_x86/extensions/qtwebengine/690/windows_msvc2022_64/Updates.xml.sha256
2026-01-04 23:24:35,198 - aqt.helper - DEBUG - helper 25176 Attempt to download checksum at https://download.qt.io/online/qtsdkrepository/windows_x86/extensions/qtwebengine/690/windows_msvc2022_64/Updates.xml.sha256
2026-01-04 23:24:38,024 - aqt.helper - DEBUG - helper 25176 Attempt to download checksum at https://download.qt.io/online/qtsdkrepository/windows_x86/extensions/qtwebengine/690/windows_msvc2022_64/Updates.xml.sha256
2026-01-04 23:24:41,168 - aqt.helper - DEBUG - helper 25176 Attempt to download checksum at https://download.qt.io/online/qtsdkrepository/windows_x86/extensions/qtwebengine/690/windows_msvc2022_64/Updates.xml.sha256
2026-01-04 23:24:43,916 - aqt.helper - DEBUG - helper 25176 Attempt to download checksum at https://download.qt.io/online/qtsdkrepository/windows_x86/extensions/qtpdf/690/windows_msvc2022_64/Updates.xml.sha256
2026-01-04 23:24:46,724 - aqt.helper - DEBUG - helper 25176 Attempt to download checksum at https://download.qt.io/online/qtsdkrepository/windows_x86/extensions/qtpdf/690/windows_msvc2022_64/Updates.xml.sha256
2026-01-04 23:24:49,607 - aqt.helper - DEBUG - helper 25176 Attempt to download checksum at https://download.qt.io/online/qtsdkrepository/windows_x86/extensions/qtpdf/690/windows_msvc2022_64/Updates.xml.sha256
2026-01-04 23:24:52,677 - aqt.helper - DEBUG - helper 25176 Attempt to download checksum at https://download.qt.io/online/qtsdkrepository/windows_x86/extensions/qtpdf/690/windows_msvc2022_64/Updates.xml.sha256
2026-01-04 23:25:00,227 - aqt.helper - DEBUG - helper 25176 Attempt to download checksum at https://download.qt.io/online/qtsdkrepository/windows_x86/extensions/qtpdf/690/windows_msvc2022_64/Updates.xml.sha256
2026-01-04 23:25:03,208 - aqt.main - ERROR - installer 25176 The packages ['qt_base'] were not found while parsing XML of package information!
==============================Suggested follow-up:==============================
* Please use 'aqt list-qt windows desktop --arch 6.9.0' to show architectures available.
2026-01-04 23:25:18,186 - aqt.helper - DEBUG - helper 22776 Attempt to download checksum at https://download.qt.io/online/qtsdkrepository/windows_x86/desktop/qt6_690/qt6_690/Updates.xml.sha256
2026-01-04 23:26:34,224 - aqt.main - INFO - installer 17784 aqtinstall(aqt) v3.3.0 on Python 3.13.9 [CPython MSC v.1944 64 bit (AMD64)]
2026-01-04 23:26:34,225 - aqt.helper - DEBUG - helper 17784 Attempt to download checksum at https://download.qt.io/online/qtsdkrepository/windows_x86/desktop/qt6_690/qt6_690/Updates.xml.sha256
2026-01-04 23:26:40,335 - aqt.helper - DEBUG - helper 17784 Attempt to download checksum at https://download.qt.io/online/qtsdkrepository/windows_x86/extensions/qtwebengine/690/msvc2022_64/Updates.xml.sha256
2026-01-04 23:26:46,288 - aqt.archives - INFO - archives 17784 Found extension qtwebengine
2026-01-04 23:26:46,288 - aqt.helper - DEBUG - helper 17784 Attempt to download checksum at https://download.qt.io/online/qtsdkrepository/windows_x86/extensions/qtpdf/690/msvc2022_64/Updates.xml.sha256
2026-01-04 23:26:51,583 - aqt.archives - INFO - archives 17784 Found extension qtpdf
2026-01-04 23:26:55,157 - aqt.helper - DEBUG - helper 7096 Attempt to download checksum at https://download.qt.io/online/qtsdkrepository/windows_x86/desktop/qt6_690/qt6_690/qt.qt6.690.win64_msvc2022_64/6.9.0-0-202503301022qtsvg-Windows-Windows_11_23H2-MSVC2022-Windows-Windows_11_23H2-X86_64.7z.sha256
2026-01-04 23:26:55,342 - aqt.helper - DEBUG - helper 16720 Attempt to download checksum at https://download.qt.io/online/qtsdkrepository/windows_x86/desktop/qt6_690/qt6_690/qt.qt6.690.win64_msvc2022_64/6.9.0-0-202503301022qtbase-Windows-Windows_11_23H2-MSVC2022-Windows-Windows_11_23H2-X86_64.7z.sha256
2026-01-04 23:26:57,167 - aqt.helper - DEBUG - helper 6848 Attempt to download checksum at https://download.qt.io/online/qtsdkrepository/windows_x86/desktop/qt6_690/qt6_690/qt.qt6.690.win64_msvc2022_64/6.9.0-0-202503301022qtdeclarative-Windows-Windows_11_23H2-MSVC2022-Windows-Windows_11_23H2-X86_64.7z.sha256
2026-01-04 23:26:58,031 - aqt.helper - DEBUG - helper 23860 Attempt to download checksum at https://download.qt.io/online/qtsdkrepository/windows_x86/desktop/qt6_690/qt6_690/qt.qt6.690.win64_msvc2022_64/6.9.0-0-202503301022qttools-Windows-Windows_11_23H2-MSVC2022-Windows-Windows_11_23H2-X86_64.7z.sha256
2026-01-04 23:27:01,738 - aqt.helper - INFO - helper 16720 Downloading qtbase...
2026-01-04 23:27:01,738 - aqt.installer - DEBUG - installer 16720 Download URL: https://download.qt.io/online/qtsdkrepository/windows_x86/desktop/qt6_690/qt6_690/qt.qt6.690.win64_msvc2022_64/6.9.0-0-202503301022qtbase-Windows-Windows_11_23H2-MSVC2022-Windows-Windows_11_23H2-X86_64.7z
2026-01-04 23:27:02,071 - aqt.helper - INFO - helper 7096 Downloading qtsvg...
2026-01-04 23:27:02,071 - aqt.installer - DEBUG - installer 7096 Download URL: https://download.qt.io/online/qtsdkrepository/windows_x86/desktop/qt6_690/qt6_690/qt.qt6.690.win64_msvc2022_64/6.9.0-0-202503301022qtsvg-Windows-Windows_11_23H2-MSVC2022-Windows-Windows_11_23H2-X86_64.7z
2026-01-04 23:27:02,971 - aqt.helper - INFO - helper 6848 Downloading qtdeclarative...
2026-01-04 23:27:02,971 - aqt.installer - DEBUG - installer 6848 Download URL: https://download.qt.io/online/qtsdkrepository/windows_x86/desktop/qt6_690/qt6_690/qt.qt6.690.win64_msvc2022_64/6.9.0-0-202503301022qtdeclarative-Windows-Windows_11_23H2-MSVC2022-Windows-Windows_11_23H2-X86_64.7z
2026-01-04 23:27:03,631 - aqt.helper - INFO - helper 23860 Downloading qttools...
2026-01-04 23:27:03,631 - aqt.installer - DEBUG - installer 23860 Download URL: https://download.qt.io/online/qtsdkrepository/windows_x86/desktop/qt6_690/qt6_690/qt.qt6.690.win64_msvc2022_64/6.9.0-0-202503301022qttools-Windows-Windows_11_23H2-MSVC2022-Windows-Windows_11_23H2-X86_64.7z
2026-01-04 23:27:07,344 - aqt.helper - DEBUG - helper 7096 Asked to redirect(302) to: https://qt.mirror.constant.com/online/qtsdkrepository/windows_x86/desktop/qt6_690/qt6_690/qt.qt6.690.win64_msvc2022_64/6.9.0-0-202503301022qtsvg-Windows-Windows_11_23H2-MSVC2022-Windows-Windows_11_23H2-X86_64.7z
2026-01-04 23:27:07,344 - aqt.helper - INFO - helper 7096 Redirected: qt.mirror.constant.com
2026-01-04 23:27:07,449 - aqt.helper - DEBUG - helper 16720 Asked to redirect(302) to: https://qt.mirror.constant.com/online/qtsdkrepository/windows_x86/desktop/qt6_690/qt6_690/qt.qt6.690.win64_msvc2022_64/6.9.0-0-202503301022qtbase-Windows-Windows_11_23H2-MSVC2022-Windows-Windows_11_23H2-X86_64.7z
2026-01-04 23:27:07,449 - aqt.helper - INFO - helper 16720 Redirected: qt.mirror.constant.com
2026-01-04 23:27:08,765 - aqt.helper - DEBUG - helper 6848 Asked to redirect(302) to: https://qt.mirror.constant.com/online/qtsdkrepository/windows_x86/desktop/qt6_690/qt6_690/qt.qt6.690.win64_msvc2022_64/6.9.0-0-202503301022qtdeclarative-Windows-Windows_11_23H2-MSVC2022-Windows-Windows_11_23H2-X86_64.7z
2026-01-04 23:27:08,766 - aqt.helper - INFO - helper 6848 Redirected: qt.mirror.constant.com
2026-01-04 23:27:09,406 - aqt.helper - DEBUG - helper 23860 Asked to redirect(302) to: https://qt.mirror.constant.com/online/qtsdkrepository/windows_x86/desktop/qt6_690/qt6_690/qt.qt6.690.win64_msvc2022_64/6.9.0-0-202503301022qttools-Windows-Windows_11_23H2-MSVC2022-Windows-Windows_11_23H2-X86_64.7z
2026-01-04 23:27:09,406 - aqt.helper - INFO - helper 23860 Redirected: qt.mirror.constant.com
2026-01-04 23:27:14,288 - aqt.installer - INFO - installer 7096 Finished installation of qtsvg-Windows-Windows_11_23H2-MSVC2022-Windows-Windows_11_23H2-X86_64.7z in 19.13839160
2026-01-04 23:27:14,565 - aqt.helper - DEBUG - helper 7096 Attempt to download checksum at https://download.qt.io/online/qtsdkrepository/windows_x86/desktop/qt6_690/qt6_690/qt.qt6.690.win64_msvc2022_64/6.9.0-0-202503301022qttranslations-Windows-Windows_11_23H2-MSVC2022-Windows-Windows_11_23H2-X86_64.7z.sha256
2026-01-04 23:27:20,538 - aqt.helper - INFO - helper 7096 Downloading qttranslations...
2026-01-04 23:27:20,538 - aqt.installer - DEBUG - installer 7096 Download URL: https://download.qt.io/online/qtsdkrepository/windows_x86/desktop/qt6_690/qt6_690/qt.qt6.690.win64_msvc2022_64/6.9.0-0-202503301022qttranslations-Windows-Windows_11_23H2-MSVC2022-Windows-Windows_11_23H2-X86_64.7z
2026-01-04 23:27:26,392 - aqt.helper - DEBUG - helper 7096 Asked to redirect(302) to: https://qt.mirror.constant.com/online/qtsdkrepository/windows_x86/desktop/qt6_690/qt6_690/qt.qt6.690.win64_msvc2022_64/6.9.0-0-202503301022qttranslations-Windows-Windows_11_23H2-MSVC2022-Windows-Windows_11_23H2-X86_64.7z
2026-01-04 23:27:26,392 - aqt.helper - INFO - helper 7096 Redirected: qt.mirror.constant.com
2026-01-04 23:27:31,176 - aqt.installer - INFO - installer 23860 Finished installation of qttools-Windows-Windows_11_23H2-MSVC2022-Windows-Windows_11_23H2-X86_64.7z in 33.15236820
2026-01-04 23:27:31,580 - aqt.helper - DEBUG - helper 23860 Attempt to download checksum at https://download.qt.io/online/qtsdkrepository/windows_x86/desktop/qt6_690/qt6_690/qt.qt6.690.win64_msvc2022_64/6.9.0-0-202503301022d3dcompiler_47-x64.7z.sha256
2026-01-04 23:27:34,901 - aqt.installer - INFO - installer 7096 Finished installation of qttranslations-Windows-Windows_11_23H2-MSVC2022-Windows-Windows_11_23H2-X86_64.7z in 20.34326500
2026-01-04 23:27:35,114 - aqt.helper - DEBUG - helper 7096 Attempt to download checksum at https://download.qt.io/online/qtsdkrepository/windows_x86/desktop/qt6_690/qt6_690/qt.qt6.690.win64_msvc2022_64/6.9.0-0-202503301022opengl32sw-64-mesa_11_2_2-signed_sha256.7z.sha256
2026-01-04 23:27:37,429 - aqt.helper - INFO - helper 23860 Downloading d3dcompiler_47...
2026-01-04 23:27:37,429 - aqt.installer - DEBUG - installer 23860 Download URL: https://download.qt.io/online/qtsdkrepository/windows_x86/desktop/qt6_690/qt6_690/qt.qt6.690.win64_msvc2022_64/6.9.0-0-202503301022d3dcompiler_47-x64.7z
2026-01-04 23:27:41,037 - aqt.helper - INFO - helper 7096 Downloading opengl32sw...
2026-01-04 23:27:41,037 - aqt.installer - DEBUG - installer 7096 Download URL: https://download.qt.io/online/qtsdkrepository/windows_x86/desktop/qt6_690/qt6_690/qt.qt6.690.win64_msvc2022_64/6.9.0-0-202503301022opengl32sw-64-mesa_11_2_2-signed_sha256.7z
2026-01-04 23:27:43,035 - aqt.helper - DEBUG - helper 23860 Asked to redirect(302) to: https://qt.mirror.constant.com/online/qtsdkrepository/windows_x86/desktop/qt6_690/qt6_690/qt.qt6.690.win64_msvc2022_64/6.9.0-0-202503301022d3dcompiler_47-x64.7z
2026-01-04 23:27:43,035 - aqt.helper - INFO - helper 23860 Redirected: qt.mirror.constant.com
2026-01-04 23:27:46,764 - aqt.helper - DEBUG - helper 7096 Asked to redirect(302) to: https://qt.mirror.constant.com/online/qtsdkrepository/windows_x86/desktop/qt6_690/qt6_690/qt.qt6.690.win64_msvc2022_64/6.9.0-0-202503301022opengl32sw-64-mesa_11_2_2-signed_sha256.7z
2026-01-04 23:27:46,764 - aqt.helper - INFO - helper 7096 Redirected: qt.mirror.constant.com
2026-01-04 23:27:49,234 - aqt.installer - INFO - installer 23860 Finished installation of d3dcompiler_47-x64.7z in 17.66097290
2026-01-04 23:27:54,222 - aqt.installer - INFO - installer 7096 Finished installation of opengl32sw-64-mesa_11_2_2-signed_sha256.7z in 19.11636670
2026-01-04 23:27:57,364 - aqt.installer - INFO - installer 16720 Finished installation of qtbase-Windows-Windows_11_23H2-MSVC2022-Windows-Windows_11_23H2-X86_64.7z in 62.02881320
2026-01-04 23:29:07,782 - aqt.installer - INFO - installer 6848 Finished installation of qtdeclarative-Windows-Windows_11_23H2-MSVC2022-Windows-Windows_11_23H2-X86_64.7z in 130.62128430
2026-01-04 23:29:09,169 - aqt.updater - INFO - updater 17784 Patching C:\Qt\6.9.0\msvc2022_64\bin\qmake.exe
2026-01-04 23:29:09,177 - aqt.updater - INFO - updater 17784 Patching C:\Qt\6.9.0\msvc2022_64\lib\Qt6Concurrent.prl
2026-01-04 23:29:09,190 - aqt.updater - INFO - updater 17784 Patching C:\Qt\6.9.0\msvc2022_64\lib\Qt6Concurrentd.prl
2026-01-04 23:29:09,200 - aqt.updater - INFO - updater 17784 Patching C:\Qt\6.9.0\msvc2022_64\lib\Qt6Core.prl
2026-01-04 23:29:09,212 - aqt.updater - INFO - updater 17784 Patching C:\Qt\6.9.0\msvc2022_64\lib\Qt6Cored.prl
2026-01-04 23:29:09,222 - aqt.updater - INFO - updater 17784 Patching C:\Qt\6.9.0\msvc2022_64\lib\Qt6DBus.prl
2026-01-04 23:29:09,231 - aqt.updater - INFO - updater 17784 Patching C:\Qt\6.9.0\msvc2022_64\lib\Qt6DBusd.prl
2026-01-04 23:29:09,252 - aqt.updater - INFO - updater 17784 Patching C:\Qt\6.9.0\msvc2022_64\lib\Qt6Designer.prl
2026-01-04 23:29:09,262 - aqt.updater - INFO - updater 17784 Patching C:\Qt\6.9.0\msvc2022_64\lib\Qt6DesignerComponents.prl
2026-01-04 23:29:09,271 - aqt.updater - INFO - updater 17784 Patching C:\Qt\6.9.0\msvc2022_64\lib\Qt6DesignerComponentsd.prl
2026-01-04 23:29:09,284 - aqt.updater - INFO - updater 17784 Patching C:\Qt\6.9.0\msvc2022_64\lib\Qt6Designerd.prl
2026-01-04 23:29:09,295 - aqt.updater - INFO - updater 17784 Patching C:\Qt\6.9.0\msvc2022_64\lib\Qt6DeviceDiscoverySupport.prl
2026-01-04 23:29:09,304 - aqt.updater - INFO - updater 17784 Patching C:\Qt\6.9.0\msvc2022_64\lib\Qt6DeviceDiscoverySupportd.prl
2026-01-04 23:29:09,313 - aqt.updater - INFO - updater 17784 Patching C:\Qt\6.9.0\msvc2022_64\lib\Qt6EntryPoint.prl
2026-01-04 23:29:09,328 - aqt.updater - INFO - updater 17784 Patching C:\Qt\6.9.0\msvc2022_64\lib\Qt6EntryPointd.prl
2026-01-04 23:29:09,338 - aqt.updater - INFO - updater 17784 Patching C:\Qt\6.9.0\msvc2022_64\lib\Qt6ExampleIcons.prl
2026-01-04 23:29:09,349 - aqt.updater - INFO - updater 17784 Patching C:\Qt\6.9.0\msvc2022_64\lib\Qt6ExampleIconsd.prl
2026-01-04 23:29:09,359 - aqt.updater - INFO - updater 17784 Patching C:\Qt\6.9.0\msvc2022_64\lib\Qt6ExamplesAssetDownloader.prl
2026-01-04 23:29:09,368 - aqt.updater - INFO - updater 17784 Patching C:\Qt\6.9.0\msvc2022_64\lib\Qt6ExamplesAssetDownloaderd.prl
2026-01-04 23:29:09,378 - aqt.updater - INFO - updater 17784 Patching C:\Qt\6.9.0\msvc2022_64\lib\Qt6FbSupport.prl
2026-01-04 23:29:09,391 - aqt.updater - INFO - updater 17784 Patching C:\Qt\6.9.0\msvc2022_64\lib\Qt6FbSupportd.prl
2026-01-04 23:29:09,409 - aqt.updater - INFO - updater 17784 Patching C:\Qt\6.9.0\msvc2022_64\lib\Qt6Gui.prl
2026-01-04 23:29:09,419 - aqt.updater - INFO - updater 17784 Patching C:\Qt\6.9.0\msvc2022_64\lib\Qt6Guid.prl
2026-01-04 23:29:09,429 - aqt.updater - INFO - updater 17784 Patching C:\Qt\6.9.0\msvc2022_64\lib\Qt6Help.prl
2026-01-04 23:29:09,446 - aqt.updater - INFO - updater 17784 Patching C:\Qt\6.9.0\msvc2022_64\lib\Qt6Helpd.prl
2026-01-04 23:29:09,458 - aqt.updater - INFO - updater 17784 Patching C:\Qt\6.9.0\msvc2022_64\lib\Qt6LabsAnimation.prl
2026-01-04 23:29:09,468 - aqt.updater - INFO - updater 17784 Patching C:\Qt\6.9.0\msvc2022_64\lib\Qt6LabsAnimationd.prl
2026-01-04 23:29:09,479 - aqt.updater - INFO - updater 17784 Patching C:\Qt\6.9.0\msvc2022_64\lib\Qt6LabsFolderListModel.prl
2026-01-04 23:29:09,493 - aqt.updater - INFO - updater 17784 Patching C:\Qt\6.9.0\msvc2022_64\lib\Qt6LabsFolderListModeld.prl
2026-01-04 23:29:09,507 - aqt.updater - INFO - updater 17784 Patching C:\Qt\6.9.0\msvc2022_64\lib\Qt6LabsPlatform.prl
2026-01-04 23:29:09,517 - aqt.updater - INFO - updater 17784 Patching C:\Qt\6.9.0\msvc2022_64\lib\Qt6LabsPlatformd.prl
2026-01-04 23:29:09,527 - aqt.updater - INFO - updater 17784 Patching C:\Qt\6.9.0\msvc2022_64\lib\Qt6LabsQmlModels.prl
2026-01-04 23:29:09,537 - aqt.updater - INFO - updater 17784 Patching C:\Qt\6.9.0\msvc2022_64\lib\Qt6LabsQmlModelsd.prl
2026-01-04 23:29:09,561 - aqt.updater - INFO - updater 17784 Patching C:\Qt\6.9.0\msvc2022_64\lib\Qt6LabsSettings.prl
2026-01-04 23:29:09,572 - aqt.updater - INFO - updater 17784 Patching C:\Qt\6.9.0\msvc2022_64\lib\Qt6LabsSettingsd.prl
2026-01-04 23:29:09,583 - aqt.updater - INFO - updater 17784 Patching C:\Qt\6.9.0\msvc2022_64\lib\Qt6LabsSharedImage.prl
2026-01-04 23:29:09,593 - aqt.updater - INFO - updater 17784 Patching C:\Qt\6.9.0\msvc2022_64\lib\Qt6LabsSharedImaged.prl
2026-01-04 23:29:09,608 - aqt.updater - INFO - updater 17784 Patching C:\Qt\6.9.0\msvc2022_64\lib\Qt6LabsWavefrontMesh.prl
2026-01-04 23:29:09,618 - aqt.updater - INFO - updater 17784 Patching C:\Qt\6.9.0\msvc2022_64\lib\Qt6LabsWavefrontMeshd.prl
2026-01-04 23:29:09,639 - aqt.updater - INFO - updater 17784 Patching C:\Qt\6.9.0\msvc2022_64\lib\Qt6Network.prl
2026-01-04 23:29:09,654 - aqt.updater - INFO - updater 17784 Patching C:\Qt\6.9.0\msvc2022_64\lib\Qt6Networkd.prl
2026-01-04 23:29:09,666 - aqt.updater - INFO - updater 17784 Patching C:\Qt\6.9.0\msvc2022_64\lib\Qt6OpenGL.prl
2026-01-04 23:29:09,709 - aqt.updater - INFO - updater 17784 Patching C:\Qt\6.9.0\msvc2022_64\lib\Qt6OpenGLd.prl
2026-01-04 23:29:09,725 - aqt.updater - INFO - updater 17784 Patching C:\Qt\6.9.0\msvc2022_64\lib\Qt6OpenGLWidgets.prl
2026-01-04 23:29:09,738 - aqt.updater - INFO - updater 17784 Patching C:\Qt\6.9.0\msvc2022_64\lib\Qt6OpenGLWidgetsd.prl
2026-01-04 23:29:09,754 - aqt.updater - INFO - updater 17784 Patching C:\Qt\6.9.0\msvc2022_64\lib\Qt6PacketProtocol.prl
2026-01-04 23:29:09,778 - aqt.updater - INFO - updater 17784 Patching C:\Qt\6.9.0\msvc2022_64\lib\Qt6PacketProtocold.prl
2026-01-04 23:29:09,820 - aqt.updater - INFO - updater 17784 Patching C:\Qt\6.9.0\msvc2022_64\lib\Qt6PrintSupport.prl
2026-01-04 23:29:09,833 - aqt.updater - INFO - updater 17784 Patching C:\Qt\6.9.0\msvc2022_64\lib\Qt6PrintSupportd.prl
2026-01-04 23:29:09,851 - aqt.updater - INFO - updater 17784 Patching C:\Qt\6.9.0\msvc2022_64\lib\Qt6Qml.prl
2026-01-04 23:29:09,867 - aqt.updater - INFO - updater 17784 Patching C:\Qt\6.9.0\msvc2022_64\lib\Qt6QmlAssetDownloader.prl
2026-01-04 23:29:09,887 - aqt.updater - INFO - updater 17784 Patching C:\Qt\6.9.0\msvc2022_64\lib\Qt6QmlAssetDownloaderd.prl
2026-01-04 23:29:09,897 - aqt.updater - INFO - updater 17784 Patching C:\Qt\6.9.0\msvc2022_64\lib\Qt6QmlCompiler.prl
2026-01-04 23:29:09,906 - aqt.updater - INFO - updater 17784 Patching C:\Qt\6.9.0\msvc2022_64\lib\Qt6QmlCompilerd.prl
2026-01-04 23:29:09,915 - aqt.updater - INFO - updater 17784 Patching C:\Qt\6.9.0\msvc2022_64\lib\Qt6QmlCore.prl
2026-01-04 23:29:09,923 - aqt.updater - INFO - updater 17784 Patching C:\Qt\6.9.0\msvc2022_64\lib\Qt6QmlCored.prl
2026-01-04 23:29:09,933 - aqt.updater - INFO - updater 17784 Patching C:\Qt\6.9.0\msvc2022_64\lib\Qt6Qmld.prl
2026-01-04 23:29:09,959 - aqt.updater - INFO - updater 17784 Patching C:\Qt\6.9.0\msvc2022_64\lib\Qt6QmlDebug.prl
2026-01-04 23:29:09,972 - aqt.updater - INFO - updater 17784 Patching C:\Qt\6.9.0\msvc2022_64\lib\Qt6QmlDebugd.prl
2026-01-04 23:29:09,986 - aqt.updater - INFO - updater 17784 Patching C:\Qt\6.9.0\msvc2022_64\lib\Qt6QmlDom.prl
2026-01-04 23:29:10,038 - aqt.updater - INFO - updater 17784 Patching C:\Qt\6.9.0\msvc2022_64\lib\Qt6QmlDomd.prl
2026-01-04 23:29:10,087 - aqt.updater - INFO - updater 17784 Patching C:\Qt\6.9.0\msvc2022_64\lib\Qt6QmlFormat.prl
2026-01-04 23:29:10,156 - aqt.updater - INFO - updater 17784 Patching C:\Qt\6.9.0\msvc2022_64\lib\Qt6QmlFormatd.prl
2026-01-04 23:29:10,172 - aqt.updater - INFO - updater 17784 Patching C:\Qt\6.9.0\msvc2022_64\lib\Qt6QmlLocalStorage.prl
2026-01-04 23:29:10,184 - aqt.updater - INFO - updater 17784 Patching C:\Qt\6.9.0\msvc2022_64\lib\Qt6QmlLocalStoraged.prl
2026-01-04 23:29:10,195 - aqt.updater - INFO - updater 17784 Patching C:\Qt\6.9.0\msvc2022_64\lib\Qt6QmlLS.prl
2026-01-04 23:29:10,209 - aqt.updater - INFO - updater 17784 Patching C:\Qt\6.9.0\msvc2022_64\lib\Qt6QmlLSd.prl
2026-01-04 23:29:10,223 - aqt.updater - INFO - updater 17784 Patching C:\Qt\6.9.0\msvc2022_64\lib\Qt6QmlMeta.prl
2026-01-04 23:29:10,233 - aqt.updater - INFO - updater 17784 Patching C:\Qt\6.9.0\msvc2022_64\lib\Qt6QmlMetad.prl
2026-01-04 23:29:10,243 - aqt.updater - INFO - updater 17784 Patching C:\Qt\6.9.0\msvc2022_64\lib\Qt6QmlModels.prl
2026-01-04 23:29:10,256 - aqt.updater - INFO - updater 17784 Patching C:\Qt\6.9.0\msvc2022_64\lib\Qt6QmlModelsd.prl
2026-01-04 23:29:10,265 - aqt.updater - INFO - updater 17784 Patching C:\Qt\6.9.0\msvc2022_64\lib\Qt6QmlNetwork.prl
2026-01-04 23:29:10,274 - aqt.updater - INFO - updater 17784 Patching C:\Qt\6.9.0\msvc2022_64\lib\Qt6QmlNetworkd.prl
2026-01-04 23:29:10,284 - aqt.updater - INFO - updater 17784 Patching C:\Qt\6.9.0\msvc2022_64\lib\Qt6QmlToolingSettings.prl
2026-01-04 23:29:10,294 - aqt.updater - INFO - updater 17784 Patching C:\Qt\6.9.0\msvc2022_64\lib\Qt6QmlToolingSettingsd.prl
2026-01-04 23:29:10,306 - aqt.updater - INFO - updater 17784 Patching C:\Qt\6.9.0\msvc2022_64\lib\Qt6QmlTypeRegistrar.prl
2026-01-04 23:29:10,321 - aqt.updater - INFO - updater 17784 Patching C:\Qt\6.9.0\msvc2022_64\lib\Qt6QmlTypeRegistrard.prl
2026-01-04 23:29:10,331 - aqt.updater - INFO - updater 17784 Patching C:\Qt\6.9.0\msvc2022_64\lib\Qt6QmlWorkerScript.prl
2026-01-04 23:29:10,351 - aqt.updater - INFO - updater 17784 Patching C:\Qt\6.9.0\msvc2022_64\lib\Qt6QmlWorkerScriptd.prl
2026-01-04 23:29:10,366 - aqt.updater - INFO - updater 17784 Patching C:\Qt\6.9.0\msvc2022_64\lib\Qt6QmlXmlListModel.prl
2026-01-04 23:29:10,382 - aqt.updater - INFO - updater 17784 Patching C:\Qt\6.9.0\msvc2022_64\lib\Qt6QmlXmlListModeld.prl
2026-01-04 23:29:10,402 - aqt.updater - INFO - updater 17784 Patching C:\Qt\6.9.0\msvc2022_64\lib\Qt6Quick.prl
2026-01-04 23:29:10,414 - aqt.updater - INFO - updater 17784 Patching C:\Qt\6.9.0\msvc2022_64\lib\Qt6QuickControls2.prl
2026-01-04 23:29:10,433 - aqt.updater - INFO - updater 17784 Patching C:\Qt\6.9.0\msvc2022_64\lib\Qt6QuickControls2Basic.prl
2026-01-04 23:29:10,446 - aqt.updater - INFO - updater 17784 Patching C:\Qt\6.9.0\msvc2022_64\lib\Qt6QuickControls2Basicd.prl
2026-01-04 23:29:10,458 - aqt.updater - INFO - updater 17784 Patching C:\Qt\6.9.0\msvc2022_64\lib\Qt6QuickControls2BasicStyleImpl.prl
2026-01-04 23:29:10,469 - aqt.updater - INFO - updater 17784 Patching C:\Qt\6.9.0\msvc2022_64\lib\Qt6QuickControls2BasicStyleImpld.prl
2026-01-04 23:29:10,482 - aqt.updater - INFO - updater 17784 Patching C:\Qt\6.9.0\msvc2022_64\lib\Qt6QuickControls2d.prl
2026-01-04 23:29:10,512 - aqt.updater - INFO - updater 17784 Patching C:\Qt\6.9.0\msvc2022_64\lib\Qt6QuickControls2FluentWinUI3StyleImpl.prl
2026-01-04 23:29:10,538 - aqt.updater - INFO - updater 17784 Patching C:\Qt\6.9.0\msvc2022_64\lib\Qt6QuickControls2FluentWinUI3StyleImpld.prl
2026-01-04 23:29:10,550 - aqt.updater - INFO - updater 17784 Patching C:\Qt\6.9.0\msvc2022_64\lib\Qt6QuickControls2Fusion.prl
2026-01-04 23:29:10,562 - aqt.updater - INFO - updater 17784 Patching C:\Qt\6.9.0\msvc2022_64\lib\Qt6QuickControls2Fusiond.prl
2026-01-04 23:29:10,573 - aqt.updater - INFO - updater 17784 Patching C:\Qt\6.9.0\msvc2022_64\lib\Qt6QuickControls2FusionStyleImpl.prl
2026-01-04 23:29:10,586 - aqt.updater - INFO - updater 17784 Patching C:\Qt\6.9.0\msvc2022_64\lib\Qt6QuickControls2FusionStyleImpld.prl
2026-01-04 23:29:10,599 - aqt.updater - INFO - updater 17784 Patching C:\Qt\6.9.0\msvc2022_64\lib\Qt6QuickControls2Imagine.prl
2026-01-04 23:29:10,625 - aqt.updater - INFO - updater 17784 Patching C:\Qt\6.9.0\msvc2022_64\lib\Qt6QuickControls2Imagined.prl
2026-01-04 23:29:10,639 - aqt.updater - INFO - updater 17784 Patching C:\Qt\6.9.0\msvc2022_64\lib\Qt6QuickControls2ImagineStyleImpl.prl
2026-01-04 23:29:10,650 - aqt.updater - INFO - updater 17784 Patching C:\Qt\6.9.0\msvc2022_64\lib\Qt6QuickControls2ImagineStyleImpld.prl
2026-01-04 23:29:10,664 - aqt.updater - INFO - updater 17784 Patching C:\Qt\6.9.0\msvc2022_64\lib\Qt6QuickControls2Impl.prl
2026-01-04 23:29:10,674 - aqt.updater - INFO - updater 17784 Patching C:\Qt\6.9.0\msvc2022_64\lib\Qt6QuickControls2Impld.prl
2026-01-04 23:29:10,684 - aqt.updater - INFO - updater 17784 Patching C:\Qt\6.9.0\msvc2022_64\lib\Qt6QuickControls2Material.prl
2026-01-04 23:29:10,715 - aqt.updater - INFO - updater 17784 Patching C:\Qt\6.9.0\msvc2022_64\lib\Qt6QuickControls2Materiald.prl
2026-01-04 23:29:10,731 - aqt.updater - INFO - updater 17784 Patching C:\Qt\6.9.0\msvc2022_64\lib\Qt6QuickControls2MaterialStyleImpl.prl
2026-01-04 23:29:10,747 - aqt.updater - INFO - updater 17784 Patching C:\Qt\6.9.0\msvc2022_64\lib\Qt6QuickControls2MaterialStyleImpld.prl
2026-01-04 23:29:10,758 - aqt.updater - INFO - updater 17784 Patching C:\Qt\6.9.0\msvc2022_64\lib\Qt6QuickControls2Universal.prl
2026-01-04 23:29:10,783 - aqt.updater - INFO - updater 17784 Patching C:\Qt\6.9.0\msvc2022_64\lib\Qt6QuickControls2Universald.prl
2026-01-04 23:29:10,806 - aqt.updater - INFO - updater 17784 Patching C:\Qt\6.9.0\msvc2022_64\lib\Qt6QuickControls2UniversalStyleImpl.prl
2026-01-04 23:29:10,820 - aqt.updater - INFO - updater 17784 Patching C:\Qt\6.9.0\msvc2022_64\lib\Qt6QuickControls2UniversalStyleImpld.prl
2026-01-04 23:29:10,832 - aqt.updater - INFO - updater 17784 Patching C:\Qt\6.9.0\msvc2022_64\lib\Qt6QuickControls2WindowsStyleImpl.prl
2026-01-04 23:29:10,842 - aqt.updater - INFO - updater 17784 Patching C:\Qt\6.9.0\msvc2022_64\lib\Qt6QuickControls2WindowsStyleImpld.prl
2026-01-04 23:29:10,863 - aqt.updater - INFO - updater 17784 Patching C:\Qt\6.9.0\msvc2022_64\lib\Qt6QuickControlsTestUtils.prl
2026-01-04 23:29:10,877 - aqt.updater - INFO - updater 17784 Patching C:\Qt\6.9.0\msvc2022_64\lib\Qt6QuickControlsTestUtilsd.prl
2026-01-04 23:29:10,888 - aqt.updater - INFO - updater 17784 Patching C:\Qt\6.9.0\msvc2022_64\lib\Qt6Quickd.prl
2026-01-04 23:29:10,904 - aqt.updater - INFO - updater 17784 Patching C:\Qt\6.9.0\msvc2022_64\lib\Qt6QuickDialogs2.prl
2026-01-04 23:29:10,919 - aqt.updater - INFO - updater 17784 Patching C:\Qt\6.9.0\msvc2022_64\lib\Qt6QuickDialogs2d.prl
2026-01-04 23:29:10,999 - aqt.updater - INFO - updater 17784 Patching C:\Qt\6.9.0\msvc2022_64\lib\Qt6QuickDialogs2QuickImpl.prl
2026-01-04 23:29:11,066 - aqt.updater - INFO - updater 17784 Patching C:\Qt\6.9.0\msvc2022_64\lib\Qt6QuickDialogs2QuickImpld.prl
2026-01-04 23:29:11,087 - aqt.updater - INFO - updater 17784 Patching C:\Qt\6.9.0\msvc2022_64\lib\Qt6QuickDialogs2Utils.prl
2026-01-04 23:29:11,103 - aqt.updater - INFO - updater 17784 Patching C:\Qt\6.9.0\msvc2022_64\lib\Qt6QuickDialogs2Utilsd.prl
2026-01-04 23:29:11,125 - aqt.updater - INFO - updater 17784 Patching C:\Qt\6.9.0\msvc2022_64\lib\Qt6QuickEffects.prl
2026-01-04 23:29:11,142 - aqt.updater - INFO - updater 17784 Patching C:\Qt\6.9.0\msvc2022_64\lib\Qt6QuickEffectsd.prl
2026-01-04 23:29:11,153 - aqt.updater - INFO - updater 17784 Patching C:\Qt\6.9.0\msvc2022_64\lib\Qt6QuickLayouts.prl
2026-01-04 23:29:11,171 - aqt.updater - INFO - updater 17784 Patching C:\Qt\6.9.0\msvc2022_64\lib\Qt6QuickLayoutsd.prl
2026-01-04 23:29:11,181 - aqt.updater - INFO - updater 17784 Patching C:\Qt\6.9.0\msvc2022_64\lib\Qt6QuickParticles.prl
2026-01-04 23:29:11,191 - aqt.updater - INFO - updater 17784 Patching C:\Qt\6.9.0\msvc2022_64\lib\Qt6QuickParticlesd.prl
2026-01-04 23:29:11,204 - aqt.updater - INFO - updater 17784 Patching C:\Qt\6.9.0\msvc2022_64\lib\Qt6QuickShapes.prl
2026-01-04 23:29:11,232 - aqt.updater - INFO - updater 17784 Patching C:\Qt\6.9.0\msvc2022_64\lib\Qt6QuickShapesd.prl
2026-01-04 23:29:11,242 - aqt.updater - INFO - updater 17784 Patching C:\Qt\6.9.0\msvc2022_64\lib\Qt6QuickTemplates2.prl
2026-01-04 23:29:11,259 - aqt.updater - INFO - updater 17784 Patching C:\Qt\6.9.0\msvc2022_64\lib\Qt6QuickTemplates2d.prl
2026-01-04 23:29:11,270 - aqt.updater - INFO - updater 17784 Patching C:\Qt\6.9.0\msvc2022_64\lib\Qt6QuickTest.prl
2026-01-04 23:29:11,280 - aqt.updater - INFO - updater 17784 Patching C:\Qt\6.9.0\msvc2022_64\lib\Qt6QuickTestd.prl
2026-01-04 23:29:11,292 - aqt.updater - INFO - updater 17784 Patching C:\Qt\6.9.0\msvc2022_64\lib\Qt6QuickTestUtils.prl
2026-01-04 23:29:11,305 - aqt.updater - INFO - updater 17784 Patching C:\Qt\6.9.0\msvc2022_64\lib\Qt6QuickTestUtilsd.prl
2026-01-04 23:29:11,320 - aqt.updater - INFO - updater 17784 Patching C:\Qt\6.9.0\msvc2022_64\lib\Qt6QuickVectorImage.prl
2026-01-04 23:29:11,331 - aqt.updater - INFO - updater 17784 Patching C:\Qt\6.9.0\msvc2022_64\lib\Qt6QuickVectorImaged.prl
2026-01-04 23:29:11,341 - aqt.updater - INFO - updater 17784 Patching C:\Qt\6.9.0\msvc2022_64\lib\Qt6QuickVectorImageGenerator.prl
2026-01-04 23:29:11,353 - aqt.updater - INFO - updater 17784 Patching C:\Qt\6.9.0\msvc2022_64\lib\Qt6QuickVectorImageGeneratord.prl
2026-01-04 23:29:11,362 - aqt.updater - INFO - updater 17784 Patching C:\Qt\6.9.0\msvc2022_64\lib\Qt6QuickWidgets.prl
2026-01-04 23:29:11,378 - aqt.updater - INFO - updater 17784 Patching C:\Qt\6.9.0\msvc2022_64\lib\Qt6QuickWidgetsd.prl
2026-01-04 23:29:11,389 - aqt.updater - INFO - updater 17784 Patching C:\Qt\6.9.0\msvc2022_64\lib\Qt6Sql.prl
2026-01-04 23:29:11,399 - aqt.updater - INFO - updater 17784 Patching C:\Qt\6.9.0\msvc2022_64\lib\Qt6Sqld.prl
2026-01-04 23:29:11,412 - aqt.updater - INFO - updater 17784 Patching C:\Qt\6.9.0\msvc2022_64\lib\Qt6Svg.prl
2026-01-04 23:29:11,429 - aqt.updater - INFO - updater 17784 Patching C:\Qt\6.9.0\msvc2022_64\lib\Qt6Svgd.prl
2026-01-04 23:29:11,441 - aqt.updater - INFO - updater 17784 Patching C:\Qt\6.9.0\msvc2022_64\lib\Qt6SvgWidgets.prl
2026-01-04 23:29:11,459 - aqt.updater - INFO - updater 17784 Patching C:\Qt\6.9.0\msvc2022_64\lib\Qt6SvgWidgetsd.prl
2026-01-04 23:29:11,473 - aqt.updater - INFO - updater 17784 Patching C:\Qt\6.9.0\msvc2022_64\lib\Qt6Test.prl
2026-01-04 23:29:11,483 - aqt.updater - INFO - updater 17784 Patching C:\Qt\6.9.0\msvc2022_64\lib\Qt6Testd.prl
2026-01-04 23:29:11,493 - aqt.updater - INFO - updater 17784 Patching C:\Qt\6.9.0\msvc2022_64\lib\Qt6UiTools.prl
2026-01-04 23:29:11,502 - aqt.updater - INFO - updater 17784 Patching C:\Qt\6.9.0\msvc2022_64\lib\Qt6UiToolsd.prl
2026-01-04 23:29:11,519 - aqt.updater - INFO - updater 17784 Patching C:\Qt\6.9.0\msvc2022_64\lib\Qt6Widgets.prl
2026-01-04 23:29:11,534 - aqt.updater - INFO - updater 17784 Patching C:\Qt\6.9.0\msvc2022_64\lib\Qt6Widgetsd.prl
2026-01-04 23:29:11,546 - aqt.updater - INFO - updater 17784 Patching C:\Qt\6.9.0\msvc2022_64\lib\Qt6Xml.prl
2026-01-04 23:29:11,559 - aqt.updater - INFO - updater 17784 Patching C:\Qt\6.9.0\msvc2022_64\lib\Qt6Xmld.prl
2026-01-04 23:29:11,571 - aqt.main - INFO - installer 17784 Finished installation
2026-01-04 23:29:11,571 - aqt.main - INFO - installer 17784 Time elapsed: 157.34748310 second
